// Jest Snapshot v1, https://goo.gl/fbAQLP

exports[` renders correctly 1`] = `
LoadedCheerio {
  "0": <div>
    <div
      class="sc-jrcTuL jgXOcc"
    />
    <div
      class="sc-jSUZER kWqyiV"
    >
      <div />
      <h3>
        My Bag 0
      </h3>
      <div>
        <div>
          <p>
            Total: $0.00
          </p>
          <a
            href="/cart"
          >
            <button
              class="sc-pyfCe jvCCuv"
            >
              VIEW BAG
            </button>
          </a>
          <button
            class="sc-ftTHYK bZWAXr"
          >
            CHECK OUT
          </button>
        </div>
      </div>
    </div>
  </div>,
  "_root": LoadedCheerio {
    "0": Document {
      "children": Array [
        <html>
          <head />
          <body />
        </html>,
      ],
      "endIndex": null,
      "next": null,
      "parent": null,
      "prev": null,
      "startIndex": null,
      "type": "root",
      "x-mode": "quirks",
    },
    "_root": [Circular],
    "length": 1,
    "options": Object {
      "decodeEntities": true,
      "xml": false,
    },
  },
  "length": 1,
  "options": Object {
    "decodeEntities": true,
    "xml": false,
  },
}
`;
