// Jest Snapshot v1, https://goo.gl/fbAQLP

exports[` renders correctly 1`] = `
LoadedCheerio {
  "0": <div>
    <div
      class="sc-gswNZR RkbKq"
    >
      :
    </div>
    <ul
      class="sc-dkrFOg jGHgsH"
    />
  </div>,
  "_root": LoadedCheerio {
    "0": Document {
      "children": Array [
        <html>
          <head />
          <body />
        </html>,
      ],
      "endIndex": null,
      "next": null,
      "parent": null,
      "prev": null,
      "startIndex": null,
      "type": "root",
      "x-mode": "quirks",
    },
    "_root": [Circular],
    "length": 1,
    "options": Object {
      "decodeEntities": true,
      "xml": false,
    },
  },
  "length": 1,
  "options": Object {
    "decodeEntities": true,
    "xml": false,
  },
}
`;
